src/screens/MyListingsScreen.tsx(65,11): error TS17001: JSX elements cannot have multiple attributes with the same name.
